============================= test session starts =============================
platform win32 -- Python 3.13.12, pytest-9.0.2, pluggy-1.6.0
rootdir: C:\Users\aswin.chandrasekar\Desktop\it-incident-tracker\it-incident-tracker\backend
plugins: anyio-4.13.0, mock-3.15.1
collected 6 items

test_app.py FF.FFF                                                       [100%]

================================== FAILURES ===================================
_____________________________ test_get_incidents ______________________________

client = <FlaskClient <Flask 'app'>>

    def test_get_incidents(client):
        response = client.get("/incidents")
>       assert response.status_code == 200
E       assert 500 == 200
E        +  where 500 = <WrapperTestResponse streamed [500 INTERNAL SERVER ERROR]>.status_code

test_app.py:27: AssertionError
_______________________ test_classify_incident_success ________________________

client = <FlaskClient <Flask 'app'>>
mocker = <pytest_mock.plugin.MockerFixture object at 0x000002943D52C050>

    def test_classify_incident_success(client, mocker):
>       mock_classify = mocker.patch('app.classify_with_gemini', return_value={
            "category": "Application",
            "assignment_group": "App Support Team"
        })

test_app.py:32: 
_ _ _ _ _ _ _ _ _ _ _ _ _ _ _ _ _ _ _ _ _ _ _ _ _ _ _ _ _ _ _ _ _ _ _ _ _ _ _ _
..\..\..\..\AppData\Local\Programs\Python\Python313\Lib\site-packages\pytest_mock\plugin.py:448: in __call__
    return self._start_patch(
..\..\..\..\AppData\Local\Programs\Python\Python313\Lib\site-packages\pytest_mock\plugin.py:266: in _start_patch
    mocked: MockType = p.start()
                       ^^^^^^^^^
..\..\..\..\AppData\Local\Programs\Python\Python313\Lib\unittest\mock.py:1654: in start
    result = self.__enter__()
             ^^^^^^^^^^^^^^^^
..\..\..\..\AppData\Local\Programs\Python\Python313\Lib\unittest\mock.py:1497: in __enter__
    original, local = self.get_original()
                      ^^^^^^^^^^^^^^^^^^^
_ _ _ _ _ _ _ _ _ _ _ _ _ _ _ _ _ _ _ _ _ _ _ _ _ _ _ _ _ _ _ _ _ _ _ _ _ _ _ _

self = <unittest.mock._patch object at 0x000002944030B150>

    def get_original(self):
        target = self.getter()
        name = self.attribute
    
        original = DEFAULT
        local = False
    
        try:
            original = target.__dict__[name]
        except (AttributeError, KeyError):
            original = getattr(target, name, DEFAULT)
        else:
            local = True
    
        if name in _builtins and isinstance(target, ModuleType):
            self.create = True
    
        if not self.create and original is DEFAULT:
>           raise AttributeError(
                "%s does not have the attribute %r" % (target, name)
            )
E           AttributeError: <module 'app' from 'C:\\Users\\aswin.chandrasekar\\Desktop\\it-incident-tracker\\it-incident-tracker\\backend\\app.py'> does not have the attribute 'classify_with_gemini'

..\..\..\..\AppData\Local\Programs\Python\Python313\Lib\unittest\mock.py:1467: AttributeError
_______________________________ test_auto_heal ________________________________

client = <FlaskClient <Flask 'app'>>

    def test_auto_heal(client):
        response = client.post("/incidents/INC001/heal")
>       assert response.status_code == 200
E       assert 404 == 200
E        +  where 404 = <WrapperTestResponse streamed [404 NOT FOUND]>.status_code

test_app.py:50: AssertionError
____________________________ test_incident_history ____________________________

client = <FlaskClient <Flask 'app'>>

    def test_incident_history(client):
        response = client.get("/incidents/INC001/history")
>       assert response.status_code == 200
E       assert 404 == 200
E        +  where 404 = <WrapperTestResponse streamed [404 NOT FOUND]>.status_code

test_app.py:56: AssertionError
_____________________________ test_sync_incidents _____________________________

client = <FlaskClient <Flask 'app'>>
mocker = <pytest_mock.plugin.MockerFixture object at 0x0000029440332350>

    def test_sync_incidents(client, mocker):
        # Mock the ServiceNow API request
        mock_response = mocker.Mock()
        mock_response.json.return_value = {
            "result": [
                {"number": "INC999", "short_description": "Network test"}
            ]
        }
        mocker.patch("requests.get", return_value=mock_response)
    
        # Mock env vars so credential checks pass in tests
        mocker.patch("os.getenv", side_effect=lambda k: "mock_val" if k in ["SNOW_INSTANCE_URL", "SNOW_USERNAME", "SNOW_PASSWORD"] else None)
    
        # Mock time.sleep so our tests run instantly instead of waiting 2 seconds!
        mocker.patch("time.sleep", return_value=None)
    
        # Mock the LLM classification to avoid hitting real API
>       mocker.patch('app.classify_with_gemini', return_value={
            "category": "Network",
            "assignment_group": "Network Team"
        })

test_app.py:76: 
_ _ _ _ _ _ _ _ _ _ _ _ _ _ _ _ _ _ _ _ _ _ _ _ _ _ _ _ _ _ _ _ _ _ _ _ _ _ _ _
..\..\..\..\AppData\Local\Programs\Python\Python313\Lib\site-packages\pytest_mock\plugin.py:448: in __call__
    return self._start_patch(
..\..\..\..\AppData\Local\Programs\Python\Python313\Lib\site-packages\pytest_mock\plugin.py:266: in _start_patch
    mocked: MockType = p.start()
                       ^^^^^^^^^
..\..\..\..\AppData\Local\Programs\Python\Python313\Lib\unittest\mock.py:1654: in start
    result = self.__enter__()
             ^^^^^^^^^^^^^^^^
..\..\..\..\AppData\Local\Programs\Python\Python313\Lib\unittest\mock.py:1497: in __enter__
    original, local = self.get_original()
                      ^^^^^^^^^^^^^^^^^^^
_ _ _ _ _ _ _ _ _ _ _ _ _ _ _ _ _ _ _ _ _ _ _ _ _ _ _ _ _ _ _ _ _ _ _ _ _ _ _ _

self = <unittest.mock._patch object at 0x00000294403C1D30>

    def get_original(self):
        target = self.getter()
        name = self.attribute
    
        original = DEFAULT
        local = False
    
        try:
            original = target.__dict__[name]
        except (AttributeError, KeyError):
            original = getattr(target, name, DEFAULT)
        else:
            local = True
    
        if name in _builtins and isinstance(target, ModuleType):
            self.create = True
    
        if not self.create and original is DEFAULT:
>           raise AttributeError(
                "%s does not have the attribute %r" % (target, name)
            )
E           AttributeError: <module 'app' from 'C:\\Users\\aswin.chandrasekar\\Desktop\\it-incident-tracker\\it-incident-tracker\\backend\\app.py'> does not have the attribute 'classify_with_gemini'

..\..\..\..\AppData\Local\Programs\Python\Python313\Lib\unittest\mock.py:1467: AttributeError
=========================== short test summary info ===========================
FAILED test_app.py::test_get_incidents - assert 500 == 200
FAILED test_app.py::test_classify_incident_success - AttributeError: <module ...
FAILED test_app.py::test_auto_heal - assert 404 == 200
FAILED test_app.py::test_incident_history - assert 404 == 200
FAILED test_app.py::test_sync_incidents - AttributeError: <module 'app' from ...
========================= 5 failed, 1 passed in 2.43s =========================
